zig : install
At line:1 char:1
+ zig build 2> build_errors.log
+ ~~~~~~~~~~~~~~~~~~~~~~~~~~~~~
    + CategoryInfo          : NotSpecif 
   ied: (install:String) [], RemoteExc  
  eption
    + FullyQualifiedErrorId : NativeCom 
   mandError
 
+- install nyon_game
   +- compile exe nyon_game Debug 
native 1 errors
src\undo_redo.zig:988:25: error: use of 
undeclared identifier 'position'
            .position = position,
                        ^~~~~~~~
error: 1 compilation errors
failed command: "C:\\Users\\donald\\scoo
p\\persist\\zvm\\data\\master\\zig.exe" 
build-exe ".zig-cache\\o\\bef9cd2713567a
561aecbc654f5ba056\\raylib.lib" ".zig-ca
che\\o\\0e7c2f127e549b59bb98dcfdf8e3793c
\\glfw.lib" ".zig-cache\\o\\bef9cd271356
7a561aecbc654f5ba056\\raylib.lib" ".zig-
cache\\o\\0e7c2f127e549b59bb98dcfdf8e379
3c\\glfw.lib" -ODebug -I ".zig-cache\\o\
\0d22c593831c6ee0b3841a8e37487498" -I ".
zig-cache\\o\\703585cd732f4d6189e8641ca7
71d85a" -I ".zig-cache\\o\\0d22c593831c6
ee0b3841a8e37487498" -I ".zig-cache\\o\\
703585cd732f4d6189e8641ca771d85a" --dep 
raylib --dep zglfw --dep nyon_game "-Mro
ot=C:\\Users\\donald\\nyon-game\\src\\ma
in.zig" ".zig-cache\\o\\bef9cd2713567a56
1aecbc654f5ba056\\raylib.lib" -ODebug 
-I ".zig-cache\\o\\0d22c593831c6ee0b3841
a8e37487498" "-Mraylib=C:\\Users\\donald
\\AppData\\Local\\zig\\p\\raylib_zig-5.6
.0-dev-KE8REL5MBQAf3p497t52Xw9P7ojndIkVO
WPXnLiLLw2P\\lib\\raylib.zig" -I "C:\\Us
ers\\donald\\AppData\\Local\\zig\\p\\zgl
fw-0.10.0-dev-zgVDNHO2IQDy_fSdwY5U4z42rH
UuKgt7T9f-qmQ3FnuL\\libs\\glfw\\include"
 --dep zglfw_options "-Mzglfw=C:\\Users\
\donald\\AppData\\Local\\zig\\p\\zglfw-0
.10.0-dev-zgVDNHO2IQDy_fSdwY5U4z42rHUuKg
t7T9f-qmQ3FnuL\\src\\zglfw.zig" ".zig-ca
che\\o\\bef9cd2713567a561aecbc654f5ba056
\\raylib.lib" ".zig-cache\\o\\0e7c2f127e
549b59bb98dcfdf8e3793c\\glfw.lib" 
-ODebug -I ".zig-cache\\o\\0d22c593831c6
ee0b3841a8e37487498" -I ".zig-cache\\o\\
703585cd732f4d6189e8641ca771d85a" --dep 
raylib --dep zglfw --dep nyon_game "-Mny
on_game=C:\\Users\\donald\\nyon-game\\sr
c\\root.zig" "-Mzglfw_options=.zig-cache
\\c\\9873cc93e86e13699c9933d569c37336\\o
ptions.zig" -lwinmm -lgdi32 -lopengl32 
-luser32 -lshell32 -lc --cache-dir 
.zig-cache --global-cache-dir "C:\\Users
\\donald\\AppData\\Local\\zig" --name 
nyon_game --zig-lib-dir "C:\\Users\\dona
ld\\scoop\\persist\\zvm\\data\\master\\l
ib\\" --listen=-

install
+- install nyon_editor
   +- compile exe nyon_editor Debug 
native 7 errors
src\undo_redo.zig:988:25: error: use of 
undeclared identifier 'position'
            .position = position,
                        ^~~~~~~~
src\asset.zig:126:18: error: cannot 
assign to constant
            entry.ref_count += 1;
            ~~~~~^~~~~~~~~~
referenced by:
    undoImpl: src\undo_redo.zig:1116:51
    createFromJson: 
src\undo_redo.zig:1019:22
    8 reference(s) hidden; use 
'-freference-trace=10' to see all 
references
src\main_editor.zig:118:22: error: 
member function expected 2 argument(s), 
found 1
        undo_redo_sys.registerCommandTyp
e(undo_redo.AddObjectCommand.getCommandT
ype()) catch {};
        
~~~~~~~~~~~~~^~~~~~~~~~~~~~~~~~~~
src\undo_redo.zig:467:9: note: function 
declared here
    pub fn registerCommandType(self: 
*UndoRedoSystem, name: []const u8, 
command_type: CommandType) !void {
    ~~~~^~~~~~~~~~~~~~~~~~~~~~~~~~~~~~~~
~~~~~~~~~~~~~~~~~~~~~~~~~~~~~~~~~~~~~~~~
~~~~~~~~~~~~~~~~~~~~~~~~
src\rendering.zig:282:43: error: struct 
'array_list.Aligned(rendering.Light,null
)' has no member named 'init'
            .lights = 
std.ArrayList(Light).init(allocator),
                      
~~~~~~~~~~~~~~~~~~~~^~~~~
C:\Users\donald\scoop\persist\zvm\data\m
aster\lib\std\array_list.zig:576:12: 
note: struct declared here
    return struct {
           ^~~~~~
src\undo_redo.zig:98:26: error: missing 
struct field: impl_ptr
                .base = .{
                        ~^
src\undo_redo.zig:34:25: note: struct 
declared here
    pub const Command = struct {
                        ^~~~~~
src\undo_redo.zig:882:14: error: no 
field named 'inverse_mass' in struct 
'ecs.component.RigidBody'
            .inverse_mass = 1.0,
             ^~~~~~~~~~~~
src\ecs\component.zig:205:23: note: 
struct declared here
pub const RigidBody = struct {
                      ^~~~~~
src\undo_redo.zig:1128:69: error: no 
field named 'shape' in union 
'ecs.component.Collider'
        try 
self.ecs_world.addComponent(entity, 
nyon.ecs.Collider{ .shape = .sphere, 
.sphere_radius = 1.0 });
                                        
                            ^~~~~
src\ecs\component.zig:238:22: note: 
union declared here
pub const Collider = union(enum) {
                     ^~~~~
error: 7 compilation errors
failed command: "C:\\Users\\donald\\scoo
p\\persist\\zvm\\data\\master\\zig.exe" 
build-exe ".zig-cache\\o\\bef9cd2713567a
561aecbc654f5ba056\\raylib.lib" ".zig-ca
che\\o\\0e7c2f127e549b59bb98dcfdf8e3793c
\\glfw.lib" -ODebug -I ".zig-cache\\o\\0
d22c593831c6ee0b3841a8e37487498" -I ".zi
g-cache\\o\\703585cd732f4d6189e8641ca771
d85a" --dep raylib --dep zglfw --dep 
nyon_game "-Mroot=C:\\Users\\donald\\nyo
n-game\\src\\editor.zig" ".zig-cache\\o\
\bef9cd2713567a561aecbc654f5ba056\\rayli
b.lib" -ODebug -I ".zig-cache\\o\\0d22c5
93831c6ee0b3841a8e37487498" "-Mraylib=C:
\\Users\\donald\\AppData\\Local\\zig\\p\
\raylib_zig-5.6.0-dev-KE8REL5MBQAf3p497t
52Xw9P7ojndIkVOWPXnLiLLw2P\\lib\\raylib.
zig" -I "C:\\Users\\donald\\AppData\\Loc
al\\zig\\p\\zglfw-0.10.0-dev-zgVDNHO2IQD
y_fSdwY5U4z42rHUuKgt7T9f-qmQ3FnuL\\libs\
\glfw\\include" --dep zglfw_options "-Mz
glfw=C:\\Users\\donald\\AppData\\Local\\
zig\\p\\zglfw-0.10.0-dev-zgVDNHO2IQDy_fS
dwY5U4z42rHUuKgt7T9f-qmQ3FnuL\\src\\zglf
w.zig" ".zig-cache\\o\\bef9cd2713567a561
aecbc654f5ba056\\raylib.lib" ".zig-cache
\\o\\0e7c2f127e549b59bb98dcfdf8e3793c\\g
lfw.lib" -ODebug -I ".zig-cache\\o\\0d22
c593831c6ee0b3841a8e37487498" -I ".zig-c
ache\\o\\703585cd732f4d6189e8641ca771d85
a" --dep raylib --dep zglfw --dep 
nyon_game "-Mnyon_game=C:\\Users\\donald
\\nyon-game\\src\\root.zig" "-Mzglfw_opt
ions=.zig-cache\\c\\9873cc93e86e13699c99
33d569c37336\\options.zig" -lwinmm 
-lgdi32 -lopengl32 -luser32 -lshell32 
-lc --cache-dir .zig-cache 
--global-cache-dir "C:\\Users\\donald\\A
ppData\\Local\\zig" --name nyon_editor 
--zig-lib-dir "C:\\Users\\donald\\scoop\
\persist\\zvm\\data\\master\\lib\\" 
--listen=-

Build Summary: 6/11 steps succeeded (2 
failed)
install transitive failure
+- install nyon_game transitive failure
|  +- compile exe nyon_game Debug 
native 1 errors
+- install nyon_editor transitive 
failure
   +- compile exe nyon_editor Debug 
native 7 errors

error: the following build command 
failed with exit code 1:
.zig-cache\o\6f5f38c43c49b04d48e9dc7c1bc
958d4\build.exe C:\Users\donald\scoop\pe
rsist\zvm\data\master\zig.exe C:\Users\d
onald\scoop\persist\zvm\data\master\lib 
C:\Users\donald\nyon-game .zig-cache 
C:\Users\donald\AppData\Local\zig 
--seed 0x3835f463 -Z08e5c19b83bb5d0c
